
D:\global-radiopod - Copia>if "Windows_NT" == "Windows_NT" setlocal

D:\global-radiopod - Copia>set DIRNAME=D:\global-radiopod - Copia\ 

D:\global-radiopod - Copia>if "D:\global-radiopod - Copia\" == "" set DIRNAME=. 

D:\global-radiopod - Copia>set APP_BASE_NAME=gradlew 

D:\global-radiopod - Copia>set APP_HOME=D:\global-radiopod - Copia\ 

D:\global-radiopod - Copia>for %i in ("D:\global-radiopod - Copia\") do set APP_HOME=%~fi 

D:\global-radiopod - Copia>set APP_HOME=D:\global-radiopod - Copia\ 

D:\global-radiopod - Copia>set DEFAULT_JVM_OPTS="-Xmx64m" "-Xms64m" 

D:\global-radiopod - Copia>if defined JAVA_HOME goto findJavaFromJavaHome 

D:\global-radiopod - Copia>set JAVA_HOME=C:\Program Files\Android\Android Studio\jbr 

D:\global-radiopod - Copia>set JAVA_EXE=C:\Program Files\Android\Android Studio\jbr/bin/java.exe 

D:\global-radiopod - Copia>if exist "C:\Program Files\Android\Android Studio\jbr/bin/java.exe" goto execute 

D:\global-radiopod - Copia>"C:\Program Files\Android\Android Studio\jbr/bin/java.exe" "-Xmx64m" "-Xms64m"   "-Dorg.gradle.appname=gradlew" -jar "D:\global-radiopod - Copia\\gradle\wrapper\gradle-wrapper.jar" assembleRelease 
Starting a Gradle Daemon (subsequent builds will be faster)
Calculating task graph as configuration cache cannot be reused because JVM has changed.
> Task :app:preBuild UP-TO-DATE
> Task :app:generateReleaseAssets UP-TO-DATE
> Task :app:preReleaseBuild UP-TO-DATE
> Task :app:mergeReleaseJniLibFolders UP-TO-DATE
> Task :app:processReleaseGoogleServices UP-TO-DATE
> Task :app:extractProguardFiles UP-TO-DATE
> Task :app:generateReleaseBuildConfig UP-TO-DATE
> Task :app:generateReleaseResources UP-TO-DATE
> Task :app:packageReleaseResources UP-TO-DATE
> Task :app:processReleaseNavigationResources UP-TO-DATE
> Task :app:parseReleaseLocalResources UP-TO-DATE
> Task :app:generateReleaseRFile UP-TO-DATE
> Task :app:javaPreCompileRelease UP-TO-DATE
> Task :app:mergeReleaseNativeLibs UP-TO-DATE
> Task :app:stripReleaseDebugSymbols UP-TO-DATE
> Task :app:extractReleaseNativeSymbolTables UP-TO-DATE
> Task :app:mergeReleaseNativeDebugMetadata NO-SOURCE
> Task :app:checkReleaseDuplicateClasses UP-TO-DATE
> Task :app:mapReleaseSourceSetPaths UP-TO-DATE
> Task :app:compileReleaseNavigationResources UP-TO-DATE
> Task :app:mergeReleaseArtProfile UP-TO-DATE
> Task :app:createReleaseCompatibleScreenManifests UP-TO-DATE
> Task :app:extractDeepLinksRelease UP-TO-DATE
> Task :app:checkReleaseAarMetadata UP-TO-DATE
> Task :app:mergeReleaseStartupProfile UP-TO-DATE
> Task :app:mergeReleaseResources UP-TO-DATE
> Task :app:extractReleaseVersionControlInfo
> Task :app:validateSigningRelease UP-TO-DATE
> Task :app:writeReleaseAppMetadata UP-TO-DATE
> Task :app:writeReleaseSigningConfigVersions UP-TO-DATE
> Task :app:mergeReleaseAssets
> Task :app:processReleaseMainManifest UP-TO-DATE
> Task :app:processReleaseManifest UP-TO-DATE
> Task :app:processReleaseManifestForPackage UP-TO-DATE
> Task :app:compressReleaseAssets
> Task :app:processReleaseResources UP-TO-DATE
> Task :app:kspReleaseKotlin
> Task :app:compileReleaseKotlin
w: file:///D:/global-radiopod%20-%20Copia/app/src/main/java/com/example/MainActivity.kt:173:23 'constructor(p0: String!, p1: String!): Locale' is deprecated. Deprecated in Java.
w: file:///D:/global-radiopod%20-%20Copia/app/src/main/java/com/example/MainActivity.kt:175:23 'constructor(p0: String!): Locale' is deprecated. Deprecated in Java.
w: file:///D:/global-radiopod%20-%20Copia/app/src/main/java/com/example/data/db/RadioDatabase.kt:27:19 'fun fallbackToDestructiveMigration(): RoomDatabase.Builder<RadioDatabase>' is deprecated. Replace by overloaded version with parameter to indicate if all tables should be dropped or not.
w: file:///D:/global-radiopod%20-%20Copia/app/src/main/java/com/example/data/repository/CuratedStations.kt:65:65 'constructor(p0: String!, p1: String!): Locale' is deprecated. Deprecated in Java.
w: file:///D:/global-radiopod%20-%20Copia/app/src/main/java/com/example/player/AudioRouteManager.kt:307:45 'fun seek(p0: Long): PendingResult<RemoteMediaClient.MediaChannelResult!>' is deprecated. Deprecated in Java.
w: file:///D:/global-radiopod%20-%20Copia/app/src/main/java/com/example/player/RadioPlayerManager.kt:597:84 'field value: String' is deprecated. Deprecated in Java.
w: file:///D:/global-radiopod%20-%20Copia/app/src/main/java/com/example/player/SmartLoadErrorHandlingPolicy.kt:138:13 Check for instance is always 'true'.
w: file:///D:/global-radiopod%20-%20Copia/app/src/main/java/com/example/service/RadioMediaService.kt:522:29 'static field COMMAND_SET_DEVICE_VOLUME: Int' is deprecated. Deprecated in Java.
w: file:///D:/global-radiopod%20-%20Copia/app/src/main/java/com/example/service/RadioMediaService.kt:524:29 'static field COMMAND_ADJUST_DEVICE_VOLUME: Int' is deprecated. Deprecated in Java.
w: file:///D:/global-radiopod%20-%20Copia/app/src/main/java/com/example/service/RadioMediaService.kt:541:24 'static field COMMAND_SET_DEVICE_VOLUME: Int' is deprecated. Deprecated in Java.
w: file:///D:/global-radiopod%20-%20Copia/app/src/main/java/com/example/service/RadioMediaService.kt:543:24 'static field COMMAND_ADJUST_DEVICE_VOLUME: Int' is deprecated. Deprecated in Java.
w: file:///D:/global-radiopod%20-%20Copia/app/src/main/java/com/example/service/RadioMediaService.kt:717:22 This declaration overrides a deprecated member but is not marked as deprecated itself. Add the '@Deprecated' annotation or suppress the diagnostic.
w: file:///D:/global-radiopod%20-%20Copia/app/src/main/java/com/example/service/RadioMediaService.kt:1134:22 This declaration overrides a deprecated member but is not marked as deprecated itself. Add the '@Deprecated' annotation or suppress the diagnostic.
w: file:///D:/global-radiopod%20-%20Copia/app/src/main/java/com/example/service/RadioMediaService.kt:1181:26 'fun onPlayerCommandRequest(p0: MediaSession, p1: MediaSession.ControllerInfo, p2: Int): Int' is deprecated. Deprecated in Java.
w: file:///D:/global-radiopod%20-%20Copia/app/src/main/java/com/example/ui/components/MonochromeFlag.kt:78:17 Duplicate branch condition in 'when'.
w: file:///D:/global-radiopod%20-%20Copia/app/src/main/java/com/example/ui/onboarding/OnboardingWizardScreen.kt:128:29 'constructor(p0: String!, p1: String!): Locale' is deprecated. Deprecated in Java.
w: file:///D:/global-radiopod%20-%20Copia/app/src/main/java/com/example/ui/onboarding/OnboardingWizardScreen.kt:128:61 'constructor(p0: String!): Locale' is deprecated. Deprecated in Java.
w: file:///D:/global-radiopod%20-%20Copia/app/src/main/java/com/example/ui/onboarding/OnboardingWizardScreen.kt:1664:61 'static field VIBRATOR_SERVICE: String' is deprecated. Deprecated in Java.
w: file:///D:/global-radiopod%20-%20Copia/app/src/main/java/com/example/ui/screens/CarModeScreen.kt:919:50 'val Icons.Filled.VolumeMute: ImageVector' is deprecated. Use the AutoMirrored version at Icons.AutoMirrored.Filled.VolumeMute.
w: file:///D:/global-radiopod%20-%20Copia/app/src/main/java/com/example/ui/screens/CarModeScreen.kt:920:50 'val Icons.Filled.VolumeDown: ImageVector' is deprecated. Use the AutoMirrored version at Icons.AutoMirrored.Filled.VolumeDown.
w: file:///D:/global-radiopod%20-%20Copia/app/src/main/java/com/example/ui/screens/CarModeScreen.kt:921:39 'val Icons.Filled.VolumeUp: ImageVector' is deprecated. Use the AutoMirrored version at Icons.AutoMirrored.Filled.VolumeUp.
w: file:///D:/global-radiopod%20-%20Copia/app/src/main/java/com/example/ui/screens/DockModeScreen.kt:110:64 'constructor(p0: String!, p1: String!): Locale' is deprecated. Deprecated in Java.
w: file:///D:/global-radiopod%20-%20Copia/app/src/main/java/com/example/ui/screens/DockModeScreen.kt:117:92 'constructor(p0: String!, p1: String!): Locale' is deprecated. Deprecated in Java.
w: file:///D:/global-radiopod%20-%20Copia/app/src/main/java/com/example/ui/screens/IpodAudioOutputScreen.kt:175:43 'val Icons.Filled.VolumeUp: ImageVector' is deprecated. Use the AutoMirrored version at Icons.AutoMirrored.Filled.VolumeUp.
w: file:///D:/global-radiopod%20-%20Copia/app/src/main/java/com/example/ui/screens/IpodPodcastScreens.kt:683:61 'val Icons.Filled.Notes: ImageVector' is deprecated. Use the AutoMirrored version at Icons.AutoMirrored.Filled.Notes.
w: file:///D:/global-radiopod%20-%20Copia/app/src/main/java/com/example/ui/screens/IpodVideoScreen.kt:556:57 'val Icons.Filled.ArrowBack: ImageVector' is deprecated. Use the AutoMirrored version at Icons.AutoMirrored.Filled.ArrowBack.
w: file:///D:/global-radiopod%20-%20Copia/app/src/main/java/com/example/ui/screens/IpodYouTubeScreens.kt:777:26 'val LocalLifecycleOwner: ProvidableCompositionLocal<LifecycleOwner>' is deprecated. Moved to lifecycle-runtime-compose library in androidx.lifecycle.compose package.
w: file:///D:/global-radiopod%20-%20Copia/app/src/main/java/com/example/ui/screens/IpodYouTubeScreens.kt:861:49 'val Icons.Filled.ArrowBack: ImageVector' is deprecated. Use the AutoMirrored version at Icons.AutoMirrored.Filled.ArrowBack.
w: file:///D:/global-radiopod%20-%20Copia/app/src/main/java/com/example/ui/screens/IpodYouTubeScreens.kt:1034:26 'val LocalLifecycleOwner: ProvidableCompositionLocal<LifecycleOwner>' is deprecated. Moved to lifecycle-runtime-compose library in androidx.lifecycle.compose package.
w: file:///D:/global-radiopod%20-%20Copia/app/src/main/java/com/example/ui/screens/IpodYouTubeScreens.kt:1131:45 'val Icons.Filled.ArrowBack: ImageVector' is deprecated. Use the AutoMirrored version at Icons.AutoMirrored.Filled.ArrowBack.

> Task :app:processReleaseJavaRes UP-TO-DATE
> Task :app:mergeReleaseJavaResource UP-TO-DATE
> Task :app:compileReleaseJavaWithJavac
> Task :app:mergeReleaseGeneratedProguardFiles UP-TO-DATE
> Task :app:generateReleaseLintVitalReportModel
> Task :app:expandReleaseArtProfileWildcards
> Task :app:lintVitalAnalyzeRelease
> Task :app:minifyReleaseWithR8
> Task :app:lintVitalAnalyzeRelease FAILED

FAILURE: Build failed with an exception.

* What went wrong:
Execution failed for task ':app:lintVitalAnalyzeRelease' (registered by plugin 'com.android.internal.application').
> A failure occurred while executing com.android.build.gradle.internal.lint.AndroidLintWorkAction
   > Unexpected failure during lint analysis (this is a bug in lint or one of the libraries it depends on)
     
     Message: Unexpected failure during lint analysis (this is a bug in lint or one of the libraries it depends on)
     
     Message: Unexpected failure during lint analysis of RadioViewModel.kt (this is a bug in lint or one of the libraries it depends on)
     
     Message: No fir element was found for KtNamedFunction
     Stack: \\\`KotlinIllegalArgumentExceptionWithAttachments:ExceptionUtilsKt.buildErrorWithFirSpecificEntries(exceptionUtils.kt:75)←ExceptionUtilsKt.errorWithFirSpecificEntries(exceptionUtils.kt:29)←ExceptionUtilsKt.errorWithFirSpecificEntries$default(exceptionUtils.kt:21)←DeclarationUtilsKt.findSourceNonLocalFirDeclaration(declarationUtils.kt:95)←FileStructure.createDeclarationStructure(FileStructure.kt:206)←FileStructure.createStructureElement(FileStructure.kt:227)←FileStructure.getStructureElementFor(FileStructure.kt:98)←FirElementBuilder.getFirForNonKtFileElement(FirElementBuilder.kt:118)←FirElementBuilder.getOrBuildFirFor(FirElementBuilder.kt:94)←LLResolutionFacade.getOrBuildFirFor$low_level_api_fir(LLResolutionFacade.kt:99)←LowLevelFirApiFacadeKt.getOrBuildFir(LowLevelFirApiFacade.kt:112)←KaFirResolver.performCallResolution(KaFirResolver.kt:2142)←KaBaseResolver.tryResolveCallImpl(KaBaseResolver.kt:80)←KaBaseResolver.resolveToCall(KaBaseResolver.kt:145)←KaBaseSession.resolveToCall(KaBaseSession.kt:-1)←FirKotlinUastResolveProviderService.resolveSyntheticJavaPropertyAccessorCall(FirKotlinUastResolveProviderService.kt:425)←KotlinUSimpleReferenceExpression.visitAccessorCalls(KotlinUSimpleReferenceExpression.kt:82)←KotlinUSimpleReferenceExpression.accept(KotlinUSimpleReferenceExpression.kt:73)←UQualifiedReferenceExpression.accept(UQualifiedReferenceExpression.kt:33)←KotlinULocalVariable.accept(KotlinULocalVariable.kt:64)←ImplementationUtilsKt.acceptList(implementationUtils.kt:15)←UDeclarationsExpression.accept(UDeclarationsExpression.kt:22)←ImplementationUtilsKt.acceptList(implementationUtils.kt:15)←UBlockExpression.accept(UBlockExpression.kt:21)←UMethod.accept(UMethod.kt:49)←ImplementationUtilsKt.acceptList(implementationUtils.kt:15)←AbstractKotlinUClass.accept(AbstractKotlinUClass.kt:239)←ImplementationUtilsKt.acceptList(implementationUtils.kt:15)←UFile.accept(UFile.kt:89)←UastLintUtilsKt.acceptSourceFile(UastLintUtils.kt:956)←UElementVisitor$visitFile$2.run(UElementVisitor.kt:191)←LintClient.runReadAction(LintClient.kt:1655)←LintCliClient.runReadAction(LintCliClient.kt:231)←LintDriver$LintClientWrapper.runReadAction(LintDriver.kt:2694)←UElementVisitor.visitFile(UElementVisitor.kt:189)←LintDriver$visitUastDetectors$1.run(LintDriver.kt:2032)←LintClient.runReadAction(LintClient.kt:1655)←LintCliClient.runReadAction(LintCliClient.kt:231)←LintDriver$LintClientWrapper.runReadAction(LintDriver.kt:2694)←LintDriver.visitUastDetectors(LintDriver.kt:2030)←LintDriver.visitUast(LintDriver.kt:1977)←LintDriver.runFileDetectors(LintDriver.kt:1234)←LintDriver.checkProject(LintDriver.kt:1041)←LintDriver.checkProjectRoot(LintDriver.kt:607)←LintDriver.access$checkProjectRoot(LintDriver.kt:179)←LintDriver$analyzeOnly$1.invoke(LintDriver.kt:434)←LintDriver$analyzeOnly$1.invoke(LintDriver.kt:431)←LintDriver.doAnalyze(LintDriver.kt:490)←LintDriver.analyzeOnly(LintDriver.kt:431)←LintCliClient$analyzeOnly$1.invoke(LintCliClient.kt:265)←LintCliClient$analyzeOnly$1.invoke(LintCliClient.kt:262)←LintCliClient.run(LintCliClient.kt:311)←LintCliClient.analyzeOnly(LintCliClient.kt:262)←Main.run(Main.java:1786)←Main.run(Main.java:287)←DirectMethodHandleAccessor.invoke(null:-1)←Method.invoke(null:-1)←AndroidLintWorkAction.invokeLintMainRunMethod(AndroidLintWorkAction.kt:103)←AndroidLintWorkAction.runLint(AndroidLintWorkAction.kt:90)←AndroidLintWorkAction.execute(AndroidLintWorkAction.kt:64)←DefaultWorkerServer.execute(DefaultWorkerServer.java:68)←NoIsolationWorkerFactory$1$1.create(NoIsolationWorkerFactory.java:64)←NoIsolationWorkerFactory$1$1.create(NoIsolationWorkerFactory.java:61)←ClassLoaderUtils.executeInClassloader(ClassLoaderUtils.java:102)←NoIsolationWorkerFactory$1.lambda$execute$0(NoIsolationWorkerFactory.java:61)←AbstractWorker$1.call(AbstractWorker.java:44)←AbstractWorker$1.call(AbstractWorker.java:41)←DefaultBuildOperationRunner$CallableBuildOperationWorker.execute(DefaultBuildOperationRunner.java:210)←DefaultBuildOperationRunner$CallableBuildOperationWorker.execute(DefaultBuildOperationRunner.java:205)←DefaultBuildOperationRunner$2.execute(DefaultBuildOperationRunner.java:67)←DefaultBuildOperationRunner$2.execute(DefaultBuildOperationRunner.java:60)←DefaultBuildOperationRunner.execute(DefaultBuildOperationRunner.java:167)←DefaultBuildOperationRunner.execute(DefaultBuildOperationRunner.java:60)←DefaultBuildOperationRunner.call(DefaultBuildOperationRunner.java:54)←AbstractWorker.executeWrappedInBuildOperation(AbstractWorker.java:41)←NoIsolationWorkerFactory$1.execute(NoIsolationWorkerFactory.java:58)←DefaultWorkerExecutor.lambda$submitWork$0(DefaultWorkerExecutor.java:174)←FutureTask.run(null:-1)←DefaultConditionalExecutionQueue$ExecutionRunner.runExecution(DefaultConditionalExecutionQueue.java:191)←DefaultConditionalExecutionQueue$ExecutionRunner.access$500(DefaultConditionalExecutionQueue.java:112)←DefaultConditionalExecutionQueue$ExecutionRunner$1.run(DefaultConditionalExecutionQueue.java:168)←Factories$1.create(Factories.java:30)←DefaultWorkerLeaseService.lambda$withLocksAcquired$0(DefaultWorkerLeaseService.java:280)←ResourceLockStatistics$1.measure(ResourceLockStatistics.java:43)←DefaultWorkerLeaseService.withLocksAcquired(DefaultWorkerLeaseService.java:278)←DefaultWorkerLeaseService.withLocks(DefaultWorkerLeaseService.java:270)←DefaultWorkerLeaseService.runAsWorkerThread(DefaultWorkerLeaseService.java:129)←DefaultWorkerLeaseService.runAsWorkerThread(DefaultWorkerLeaseService.java:134)←DefaultConditionalExecutionQueue$ExecutionRunner.runBatch(DefaultConditionalExecutionQueue.java:163)←DefaultConditionalExecutionQueue$ExecutionRunner.run(DefaultConditionalExecutionQueue.java:125)←Executors$RunnableAdapter.call(null:-1)←FutureTask.run(null:-1)←ExecutorPolicy$CatchAndRecordFailures.onExecute(ExecutorPolicy.java:64)←AbstractManagedExecutor$1.run(AbstractManagedExecutor.java:47)←ThreadPoolExecutor.runWorker(null:-1)←ThreadPoolExecutor$Worker.run(null:-1)←Thread.run(null:-1)\\\`
     
     You can run with --stacktrace or set environment variable \\\`LINT_PRINT_STACKTRACE=true\\\` to dump a full stacktrace to stdout.
     Stack: \`RuntimeException:LintDriver$Companion.handleDetectorError(LintDriver.kt:3603)←LintDriver$Companion.handleDetectorError$default(LintDriver.kt:3468)←LintDriver$Companion.handleDetectorError(LintDriver.kt:3464)←UElementVisitor.visitFile(UElementVisitor.kt:233)←LintDriver$visitUastDetectors$1.run(LintDriver.kt:2032)←LintClient.runReadAction(LintClient.kt:1655)←LintCliClient.runReadAction(LintCliClient.kt:231)←LintDriver$LintClientWrapper.runReadAction(LintDriver.kt:2694)←LintDriver.visitUastDetectors(LintDriver.kt:2030)←LintDriver.visitUast(LintDriver.kt:1977)←LintDriver.runFileDetectors(LintDriver.kt:1234)←LintDriver.checkProject(LintDriver.kt:1041)←LintDriver.checkProjectRoot(LintDriver.kt:607)←LintDriver.access$checkProjectRoot(LintDriver.kt:179)←LintDriver$analyzeOnly$1.invoke(LintDriver.kt:434)←LintDriver$analyzeOnly$1.invoke(LintDriver.kt:431)←LintDriver.doAnalyze(LintDriver.kt:490)←LintDriver.analyzeOnly(LintDriver.kt:431)←LintCliClient$analyzeOnly$1.invoke(LintCliClient.kt:265)←LintCliClient$analyzeOnly$1.invoke(LintCliClient.kt:262)←LintCliClient.run(LintCliClient.kt:311)←LintCliClient.analyzeOnly(LintCliClient.kt:262)←Main.run(Main.java:1786)←Main.run(Main.java:287)←DirectMethodHandleAccessor.invoke(null:-1)←Method.invoke(null:-1)←AndroidLintWorkAction.invokeLintMainRunMethod(AndroidLintWorkAction.kt:103)←AndroidLintWorkAction.runLint(AndroidLintWorkAction.kt:90)←AndroidLintWorkAction.execute(AndroidLintWorkAction.kt:64)←DefaultWorkerServer.execute(DefaultWorkerServer.java:68)←NoIsolationWorkerFactory$1$1.create(NoIsolationWorkerFactory.java:64)←NoIsolationWorkerFactory$1$1.create(NoIsolationWorkerFactory.java:61)←ClassLoaderUtils.executeInClassloader(ClassLoaderUtils.java:102)←NoIsolationWorkerFactory$1.lambda$execute$0(NoIsolationWorkerFactory.java:61)←AbstractWorker$1.call(AbstractWorker.java:44)←AbstractWorker$1.call(AbstractWorker.java:41)←DefaultBuildOperationRunner$CallableBuildOperationWorker.execute(DefaultBuildOperationRunner.java:210)←DefaultBuildOperationRunner$CallableBuildOperationWorker.execute(DefaultBuildOperationRunner.java:205)←DefaultBuildOperationRunner$2.execute(DefaultBuildOperationRunner.java:67)←DefaultBuildOperationRunner$2.execute(DefaultBuildOperationRunner.java:60)←DefaultBuildOperationRunner.execute(DefaultBuildOperationRunner.java:167)←DefaultBuildOperationRunner.execute(DefaultBuildOperationRunner.java:60)←DefaultBuildOperationRunner.call(DefaultBuildOperationRunner.java:54)←AbstractWorker.executeWrappedInBuildOperation(AbstractWorker.java:41)←NoIsolationWorkerFactory$1.execute(NoIsolationWorkerFactory.java:58)←DefaultWorkerExecutor.lambda$submitWork$0(DefaultWorkerExecutor.java:174)←FutureTask.run(null:-1)←DefaultConditionalExecutionQueue$ExecutionRunner.runExecution(DefaultConditionalExecutionQueue.java:191)←DefaultConditionalExecutionQueue$ExecutionRunner.access$500(DefaultConditionalExecutionQueue.java:112)←DefaultConditionalExecutionQueue$ExecutionRunner$1.run(DefaultConditionalExecutionQueue.java:168)←Factories$1.create(Factories.java:30)←DefaultWorkerLeaseService.lambda$withLocksAcquired$0(DefaultWorkerLeaseService.java:280)←ResourceLockStatistics$1.measure(ResourceLockStatistics.java:43)←DefaultWorkerLeaseService.withLocksAcquired(DefaultWorkerLeaseService.java:278)←DefaultWorkerLeaseService.withLocks(DefaultWorkerLeaseService.java:270)←DefaultWorkerLeaseService.runAsWorkerThread(DefaultWorkerLeaseService.java:129)←DefaultWorkerLeaseService.runAsWorkerThread(DefaultWorkerLeaseService.java:134)←DefaultConditionalExecutionQueue$ExecutionRunner.runBatch(DefaultConditionalExecutionQueue.java:163)←DefaultConditionalExecutionQueue$ExecutionRunner.run(DefaultConditionalExecutionQueue.java:125)←Executors$RunnableAdapter.call(null:-1)←FutureTask.run(null:-1)←ExecutorPolicy$CatchAndRecordFailures.onExecute(ExecutorPolicy.java:64)←AbstractManagedExecutor$1.run(AbstractManagedExecutor.java:47)←ThreadPoolExecutor.runWorker(null:-1)←ThreadPoolExecutor$Worker.run(null:-1)←Thread.run(null:-1)\`
     
     You can run with --stacktrace or set environment variable \`LINT_PRINT_STACKTRACE=true\` to dump a full stacktrace to stdout.
     Stack: `RuntimeException:LintDriver$Companion.handleDetectorError(LintDriver.kt:3603)←LintDriver$Companion.handleDetectorError$default(LintDriver.kt:3468)←LintDriver$Companion.handleDetectorError(LintDriver.kt:3464)←LintDriver$analyzeOnly$1.invoke(LintDriver.kt:436)←LintDriver$analyzeOnly$1.invoke(LintDriver.kt:431)←LintDriver.doAnalyze(LintDriver.kt:490)←LintDriver.analyzeOnly(LintDriver.kt:431)←LintCliClient$analyzeOnly$1.invoke(LintCliClient.kt:265)←LintCliClient$analyzeOnly$1.invoke(LintCliClient.kt:262)←LintCliClient.run(LintCliClient.kt:311)←LintCliClient.analyzeOnly(LintCliClient.kt:262)←Main.run(Main.java:1786)←Main.run(Main.java:287)←DirectMethodHandleAccessor.invoke(null:-1)←Method.invoke(null:-1)←AndroidLintWorkAction.invokeLintMainRunMethod(AndroidLintWorkAction.kt:103)←AndroidLintWorkAction.runLint(AndroidLintWorkAction.kt:90)←AndroidLintWorkAction.execute(AndroidLintWorkAction.kt:64)←DefaultWorkerServer.execute(DefaultWorkerServer.java:68)←NoIsolationWorkerFactory$1$1.create(NoIsolationWorkerFactory.java:64)←NoIsolationWorkerFactory$1$1.create(NoIsolationWorkerFactory.java:61)←ClassLoaderUtils.executeInClassloader(ClassLoaderUtils.java:102)←NoIsolationWorkerFactory$1.lambda$execute$0(NoIsolationWorkerFactory.java:61)←AbstractWorker$1.call(AbstractWorker.java:44)←AbstractWorker$1.call(AbstractWorker.java:41)←DefaultBuildOperationRunner$CallableBuildOperationWorker.execute(DefaultBuildOperationRunner.java:210)←DefaultBuildOperationRunner$CallableBuildOperationWorker.execute(DefaultBuildOperationRunner.java:205)←DefaultBuildOperationRunner$2.execute(DefaultBuildOperationRunner.java:67)←DefaultBuildOperationRunner$2.execute(DefaultBuildOperationRunner.java:60)←DefaultBuildOperationRunner.execute(DefaultBuildOperationRunner.java:167)←DefaultBuildOperationRunner.execute(DefaultBuildOperationRunner.java:60)←DefaultBuildOperationRunner.call(DefaultBuildOperationRunner.java:54)←AbstractWorker.executeWrappedInBuildOperation(AbstractWorker.java:41)←NoIsolationWorkerFactory$1.execute(NoIsolationWorkerFactory.java:58)←DefaultWorkerExecutor.lambda$submitWork$0(DefaultWorkerExecutor.java:174)←FutureTask.run(null:-1)←DefaultConditionalExecutionQueue$ExecutionRunner.runExecution(DefaultConditionalExecutionQueue.java:191)←DefaultConditionalExecutionQueue$ExecutionRunner.access$500(DefaultConditionalExecutionQueue.java:112)←DefaultConditionalExecutionQueue$ExecutionRunner$1.run(DefaultConditionalExecutionQueue.java:168)←Factories$1.create(Factories.java:30)←DefaultWorkerLeaseService.lambda$withLocksAcquired$0(DefaultWorkerLeaseService.java:280)←ResourceLockStatistics$1.measure(ResourceLockStatistics.java:43)←DefaultWorkerLeaseService.withLocksAcquired(DefaultWorkerLeaseService.java:278)←DefaultWorkerLeaseService.withLocks(DefaultWorkerLeaseService.java:270)←DefaultWorkerLeaseService.runAsWorkerThread(DefaultWorkerLeaseService.java:129)←DefaultWorkerLeaseService.runAsWorkerThread(DefaultWorkerLeaseService.java:134)←DefaultConditionalExecutionQueue$ExecutionRunner.runBatch(DefaultConditionalExecutionQueue.java:163)←DefaultConditionalExecutionQueue$ExecutionRunner.run(DefaultConditionalExecutionQueue.java:125)←Executors$RunnableAdapter.call(null:-1)←FutureTask.run(null:-1)←ExecutorPolicy$CatchAndRecordFailures.onExecute(ExecutorPolicy.java:64)←AbstractManagedExecutor$1.run(AbstractManagedExecutor.java:47)←ThreadPoolExecutor.runWorker(null:-1)←ThreadPoolExecutor$Worker.run(null:-1)←Thread.run(null:-1)`
     
     You can run with --stacktrace or set environment variable `LINT_PRINT_STACKTRACE=true` to dump a full stacktrace to stdout.

* Try:
> Run with --stacktrace option to get the stack trace.
> Run with --info or --debug option to get more log output.
> Run with --scan to get full insights from a Build Scan (powered by Develocity).
> Get more help at https://help.gradle.org.

BUILD FAILED in 6m 6s
42 actionable tasks: 10 executed, 32 up-to-date
Configuration cache entry stored.

D:\global-radiopod - Copia>if 1 EQU 0 goto mainEnd 

D:\global-radiopod - Copia>rem Set variable GRADLE_EXIT_CONSOLE if you need the _script_ return code instead of 

D:\global-radiopod - Copia>rem the _cmd.exe /c_ return code! 

D:\global-radiopod - Copia>set EXIT_CODE=1 

D:\global-radiopod - Copia>if 1 EQU 0 set EXIT_CODE=1 

D:\global-radiopod - Copia>if not "" == "" exit 1 

D:\global-radiopod - Copia>exit /b 1 
