
D:\global-radiopod - Copia>if "Windows_NT" == "Windows_NT" setlocal

D:\global-radiopod - Copia>set DIRNAME=D:\global-radiopod - Copia\ 

D:\global-radiopod - Copia>if "D:\global-radiopod - Copia\" == "" set DIRNAME=. 

D:\global-radiopod - Copia>set APP_BASE_NAME=gradlew 

D:\global-radiopod - Copia>set APP_HOME=D:\global-radiopod - Copia\ 

D:\global-radiopod - Copia>for %i in ("D:\global-radiopod - Copia\") do set APP_HOME=%~fi 

D:\global-radiopod - Copia>set APP_HOME=D:\global-radiopod - Copia\ 

D:\global-radiopod - Copia>set DEFAULT_JVM_OPTS="-Xmx64m" "-Xms64m" 

D:\global-radiopod - Copia>if defined JAVA_HOME goto findJavaFromJavaHome 

D:\global-radiopod - Copia>set JAVA_HOME=C:\Program Files\Android\Android Studio\jbr 

D:\global-radiopod - Copia>set JAVA_EXE=C:\Program Files\Android\Android Studio\jbr/bin/java.exe 

D:\global-radiopod - Copia>if exist "C:\Program Files\Android\Android Studio\jbr/bin/java.exe" goto execute 

D:\global-radiopod - Copia>"C:\Program Files\Android\Android Studio\jbr/bin/java.exe" "-Xmx64m" "-Xms64m"   "-Dorg.gradle.appname=gradlew" -jar "D:\global-radiopod - Copia\\gradle\wrapper\gradle-wrapper.jar" :app:assembleRelease :app:bundleRelease 
Starting a Gradle Daemon, 1 busy and 1 incompatible and 1 stopped Daemons could not be reused, use --status for details
Calculating task graph as no cached configuration is available for tasks: :app:assembleRelease :app:bundleRelease
> Task :app:preBuild UP-TO-DATE
> Task :app:generateReleaseAssets UP-TO-DATE
> Task :app:preReleaseBuild UP-TO-DATE
> Task :app:mergeReleaseJniLibFolders UP-TO-DATE
> Task :app:processReleaseGoogleServices UP-TO-DATE
> Task :app:extractProguardFiles UP-TO-DATE
> Task :app:generateReleaseBuildConfig UP-TO-DATE
> Task :app:generateReleaseResources UP-TO-DATE
> Task :app:packageReleaseResources UP-TO-DATE
> Task :app:checkReleaseDuplicateClasses
> Task :app:mergeReleaseNativeLibs
> Task :app:checkReleaseDuplicateClasses UP-TO-DATE
> Task :app:javaPreCompileRelease UP-TO-DATE
> Task :app:processReleaseNavigationResources
> Task :app:kspReleaseKotlin
> Task :app:kspReleaseKotlin UP-TO-DATE
> Task :app:mergeReleaseArtProfile UP-TO-DATE
> Task :app:checkReleaseAarMetadata UP-TO-DATE
> Task :app:processReleaseNavigationResources UP-TO-DATE
> Task :app:mapReleaseSourceSetPaths UP-TO-DATE
> Task :app:compileReleaseNavigationResources UP-TO-DATE
> Task :app:parseReleaseLocalResources UP-TO-DATE
> Task :app:createReleaseCompatibleScreenManifests UP-TO-DATE
> Task :app:extractDeepLinksRelease UP-TO-DATE
> Task :app:generateReleaseRFile UP-TO-DATE
> Task :app:mergeReleaseNativeLibs UP-TO-DATE
> Task :app:stripReleaseDebugSymbols UP-TO-DATE
> Task :app:extractReleaseNativeSymbolTables UP-TO-DATE
> Task :app:mergeReleaseNativeDebugMetadata NO-SOURCE
> Task :app:mergeReleaseStartupProfile UP-TO-DATE
> Task :app:mergeReleaseAssets UP-TO-DATE
> Task :app:mergeReleaseResources UP-TO-DATE
> Task :app:extractReleaseVersionControlInfo UP-TO-DATE
> Task :app:compressReleaseAssets UP-TO-DATE
> Task :app:validateSigningRelease UP-TO-DATE
> Task :app:writeReleaseAppMetadata UP-TO-DATE
> Task :app:writeReleaseSigningConfigVersions UP-TO-DATE
> Task :app:parseReleaseIntegrityConfig UP-TO-DATE
> Task :app:collectReleaseDependencies UP-TO-DATE
> Task :app:configureReleaseDependencies UP-TO-DATE
> Task :app:compileReleaseKotlin UP-TO-DATE
> Task :app:processReleaseMainManifest UP-TO-DATE
> Task :app:processReleaseManifest UP-TO-DATE
> Task :app:processReleaseJavaRes UP-TO-DATE
> Task :app:processReleaseManifestForPackage UP-TO-DATE
> Task :app:mergeReleaseJavaResource UP-TO-DATE
> Task :app:processReleaseResources UP-TO-DATE
> Task :app:compileReleaseJavaWithJavac
> Task :app:mergeReleaseGeneratedProguardFiles UP-TO-DATE
> Task :app:expandReleaseArtProfileWildcards UP-TO-DATE
> Task :app:minifyReleaseWithR8 UP-TO-DATE
> Task :app:lintVitalAnalyzeRelease UP-TO-DATE
> Task :app:generateReleaseLintVitalReportModel UP-TO-DATE
> Task :app:convertShrunkResourcesToBinaryRelease UP-TO-DATE
> Task :app:compileReleaseArtProfile UP-TO-DATE
> Task :app:optimizeReleaseResources UP-TO-DATE
> Task :app:lintVitalReportRelease UP-TO-DATE
> Task :app:lintVitalRelease
> Task :app:buildReleasePreBundle
> Task :app:packageRelease
> Task :app:assembleRelease
> Task :app:createReleaseApkListingFileRedirect
> Task :app:packageReleaseBundle
> Task :app:signReleaseBundle
> Task :app:bundleRelease
> Task :app:produceReleaseBundleIdeListingFile
> Task :app:createReleaseBundleListingFileRedirect UP-TO-DATE

BUILD SUCCESSFUL in 2m 58s
57 actionable tasks: 8 executed, 49 up-to-date
Configuration cache entry stored.

D:\global-radiopod - Copia>if 0 EQU 0 goto mainEnd 

D:\global-radiopod - Copia>if "Windows_NT" == "Windows_NT" endlocal
