To honour the JVM settings for this build a single-use Daemon process will be forked. For more on this, please refer to https://docs.gradle.org/9.5.0/userguide/gradle_daemon.html#sec:disabling_the_daemon in the Gradle documentation.
Daemon will be stopped at the end of the build 
Reusing configuration cache.
> Task :app:preBuild UP-TO-DATE
> Task :app:generateReleaseAssets UP-TO-DATE
> Task :app:preReleaseBuild UP-TO-DATE
> Task :app:mergeReleaseJniLibFolders UP-TO-DATE
> Task :app:processReleaseGoogleServices UP-TO-DATE
> Task :app:extractProguardFiles UP-TO-DATE
> Task :app:generateReleaseBuildConfig UP-TO-DATE
> Task :app:generateReleaseResources UP-TO-DATE
> Task :app:packageReleaseResources UP-TO-DATE
> Task :app:checkReleaseDuplicateClasses UP-TO-DATE
> Task :app:javaPreCompileRelease UP-TO-DATE
> Task :app:processReleaseNavigationResources UP-TO-DATE
> Task :app:parseReleaseLocalResources UP-TO-DATE
> Task :app:generateReleaseRFile UP-TO-DATE
> Task :app:mergeReleaseNativeLibs UP-TO-DATE
> Task :app:stripReleaseDebugSymbols UP-TO-DATE
> Task :app:extractReleaseNativeSymbolTables UP-TO-DATE
> Task :app:mergeReleaseNativeDebugMetadata NO-SOURCE
> Task :app:mapReleaseSourceSetPaths UP-TO-DATE
> Task :app:compileReleaseNavigationResources UP-TO-DATE
> Task :app:mergeReleaseArtProfile UP-TO-DATE
> Task :app:createReleaseCompatibleScreenManifests UP-TO-DATE
> Task :app:extractDeepLinksRelease UP-TO-DATE
> Task :app:checkReleaseAarMetadata UP-TO-DATE
> Task :app:mergeReleaseStartupProfile UP-TO-DATE
> Task :app:mergeReleaseResources UP-TO-DATE
> Task :app:extractReleaseVersionControlInfo UP-TO-DATE
> Task :app:validateSigningRelease UP-TO-DATE
> Task :app:writeReleaseAppMetadata UP-TO-DATE
> Task :app:writeReleaseSigningConfigVersions UP-TO-DATE
> Task :app:mergeReleaseAssets UP-TO-DATE
> Task :app:compressReleaseAssets UP-TO-DATE
> Task :app:processReleaseMainManifest UP-TO-DATE
> Task :app:processReleaseManifest UP-TO-DATE
> Task :app:processReleaseManifestForPackage UP-TO-DATE
> Task :app:processReleaseResources UP-TO-DATE
> Task :app:kspReleaseKotlin
> Task :app:compileReleaseKotlin
w: file:///D:/global-radiopod%20-%20Copia/app/src/main/java/com/marcioamaro/mediapod/MainActivity.kt:174:23 'constructor(p0: String!, p1: String!): Locale' is deprecated. Deprecated in Java.
w: file:///D:/global-radiopod%20-%20Copia/app/src/main/java/com/marcioamaro/mediapod/MainActivity.kt:176:23 'constructor(p0: String!): Locale' is deprecated. Deprecated in Java.
w: file:///D:/global-radiopod%20-%20Copia/app/src/main/java/com/marcioamaro/mediapod/data/repository/CuratedStations.kt:65:65 'constructor(p0: String!, p1: String!): Locale' is deprecated. Deprecated in Java.
w: file:///D:/global-radiopod%20-%20Copia/app/src/main/java/com/marcioamaro/mediapod/player/AudioRouteManager.kt:334:45 'fun seek(p0: Long): PendingResult<RemoteMediaClient.MediaChannelResult!>' is deprecated. Deprecated in Java.
w: file:///D:/global-radiopod%20-%20Copia/app/src/main/java/com/marcioamaro/mediapod/player/RadioPlayerManager.kt:620:84 'field value: String' is deprecated. Deprecated in Java.
w: file:///D:/global-radiopod%20-%20Copia/app/src/main/java/com/marcioamaro/mediapod/player/SmartLoadErrorHandlingPolicy.kt:138:13 Check for instance is always 'true'.
w: file:///D:/global-radiopod%20-%20Copia/app/src/main/java/com/marcioamaro/mediapod/service/RadioMediaService.kt:509:29 'static field COMMAND_SET_DEVICE_VOLUME: Int' is deprecated. Deprecated in Java.
w: file:///D:/global-radiopod%20-%20Copia/app/src/main/java/com/marcioamaro/mediapod/service/RadioMediaService.kt:511:29 'static field COMMAND_ADJUST_DEVICE_VOLUME: Int' is deprecated. Deprecated in Java.
w: file:///D:/global-radiopod%20-%20Copia/app/src/main/java/com/marcioamaro/mediapod/service/RadioMediaService.kt:528:24 'static field COMMAND_SET_DEVICE_VOLUME: Int' is deprecated. Deprecated in Java.
w: file:///D:/global-radiopod%20-%20Copia/app/src/main/java/com/marcioamaro/mediapod/service/RadioMediaService.kt:530:24 'static field COMMAND_ADJUST_DEVICE_VOLUME: Int' is deprecated. Deprecated in Java.
w: file:///D:/global-radiopod%20-%20Copia/app/src/main/java/com/marcioamaro/mediapod/service/RadioMediaService.kt:708:22 This declaration overrides a deprecated member but is not marked as deprecated itself. Add the '@Deprecated' annotation or suppress the diagnostic.
w: file:///D:/global-radiopod%20-%20Copia/app/src/main/java/com/marcioamaro/mediapod/service/RadioMediaService.kt:1140:22 This declaration overrides a deprecated member but is not marked as deprecated itself. Add the '@Deprecated' annotation or suppress the diagnostic.
w: file:///D:/global-radiopod%20-%20Copia/app/src/main/java/com/marcioamaro/mediapod/service/RadioMediaService.kt:1191:26 'fun onPlayerCommandRequest(p0: MediaSession, p1: MediaSession.ControllerInfo, p2: Int): Int' is deprecated. Deprecated in Java.
w: file:///D:/global-radiopod%20-%20Copia/app/src/main/java/com/marcioamaro/mediapod/ui/components/MonochromeFlag.kt:78:17 Duplicate branch condition in 'when'.
w: file:///D:/global-radiopod%20-%20Copia/app/src/main/java/com/marcioamaro/mediapod/ui/onboarding/OnboardingWizardScreen.kt:128:29 'constructor(p0: String!, p1: String!): Locale' is deprecated. Deprecated in Java.
w: file:///D:/global-radiopod%20-%20Copia/app/src/main/java/com/marcioamaro/mediapod/ui/onboarding/OnboardingWizardScreen.kt:128:61 'constructor(p0: String!): Locale' is deprecated. Deprecated in Java.
w: file:///D:/global-radiopod%20-%20Copia/app/src/main/java/com/marcioamaro/mediapod/ui/onboarding/OnboardingWizardScreen.kt:1664:61 'static field VIBRATOR_SERVICE: String' is deprecated. Deprecated in Java.
w: file:///D:/global-radiopod%20-%20Copia/app/src/main/java/com/marcioamaro/mediapod/ui/screens/CarModeScreen.kt:919:50 'val Icons.Filled.VolumeMute: ImageVector' is deprecated. Use the AutoMirrored version at Icons.AutoMirrored.Filled.VolumeMute.
w: file:///D:/global-radiopod%20-%20Copia/app/src/main/java/com/marcioamaro/mediapod/ui/screens/CarModeScreen.kt:920:50 'val Icons.Filled.VolumeDown: ImageVector' is deprecated. Use the AutoMirrored version at Icons.AutoMirrored.Filled.VolumeDown.
w: file:///D:/global-radiopod%20-%20Copia/app/src/main/java/com/marcioamaro/mediapod/ui/screens/CarModeScreen.kt:921:39 'val Icons.Filled.VolumeUp: ImageVector' is deprecated. Use the AutoMirrored version at Icons.AutoMirrored.Filled.VolumeUp.
w: file:///D:/global-radiopod%20-%20Copia/app/src/main/java/com/marcioamaro/mediapod/ui/screens/DockModeScreen.kt:112:64 'constructor(p0: String!, p1: String!): Locale' is deprecated. Deprecated in Java.
w: file:///D:/global-radiopod%20-%20Copia/app/src/main/java/com/marcioamaro/mediapod/ui/screens/DockModeScreen.kt:119:92 'constructor(p0: String!, p1: String!): Locale' is deprecated. Deprecated in Java.
w: file:///D:/global-radiopod%20-%20Copia/app/src/main/java/com/marcioamaro/mediapod/ui/screens/IpodAudioOutputScreen.kt:175:43 'val Icons.Filled.VolumeUp: ImageVector' is deprecated. Use the AutoMirrored version at Icons.AutoMirrored.Filled.VolumeUp.
w: file:///D:/global-radiopod%20-%20Copia/app/src/main/java/com/marcioamaro/mediapod/ui/screens/IpodPodcastScreens.kt:704:61 'val Icons.Filled.Notes: ImageVector' is deprecated. Use the AutoMirrored version at Icons.AutoMirrored.Filled.Notes.
w: file:///D:/global-radiopod%20-%20Copia/app/src/main/java/com/marcioamaro/mediapod/ui/screens/IpodVideoScreen.kt:648:57 'val Icons.Filled.ArrowBack: ImageVector' is deprecated. Use the AutoMirrored version at Icons.AutoMirrored.Filled.ArrowBack.
w: file:///D:/global-radiopod%20-%20Copia/app/src/main/java/com/marcioamaro/mediapod/ui/screens/IpodYouTubeScreens.kt:771:26 'val LocalLifecycleOwner: ProvidableCompositionLocal<LifecycleOwner>' is deprecated. Moved to lifecycle-runtime-compose library in androidx.lifecycle.compose package.
w: file:///D:/global-radiopod%20-%20Copia/app/src/main/java/com/marcioamaro/mediapod/ui/screens/IpodYouTubeScreens.kt:855:49 'val Icons.Filled.ArrowBack: ImageVector' is deprecated. Use the AutoMirrored version at Icons.AutoMirrored.Filled.ArrowBack.
w: file:///D:/global-radiopod%20-%20Copia/app/src/main/java/com/marcioamaro/mediapod/ui/screens/IpodYouTubeScreens.kt:1028:26 'val LocalLifecycleOwner: ProvidableCompositionLocal<LifecycleOwner>' is deprecated. Moved to lifecycle-runtime-compose library in androidx.lifecycle.compose package.
w: file:///D:/global-radiopod%20-%20Copia/app/src/main/java/com/marcioamaro/mediapod/ui/screens/IpodYouTubeScreens.kt:1125:45 'val Icons.Filled.ArrowBack: ImageVector' is deprecated. Use the AutoMirrored version at Icons.AutoMirrored.Filled.ArrowBack.

> Task :app:processReleaseJavaRes UP-TO-DATE
> Task :app:mergeReleaseJavaResource UP-TO-DATE
> Task :app:compileReleaseJavaWithJavac UP-TO-DATE
> Task :app:mergeReleaseGeneratedProguardFiles UP-TO-DATE
> Task :app:generateReleaseLintVitalReportModel
> Task :app:expandReleaseArtProfileWildcards
> Task :app:lintVitalAnalyzeRelease
> Task :app:minifyReleaseWithR8
> Task :app:lintVitalReportRelease UP-TO-DATE
> Task :app:lintVitalRelease
> Task :app:convertShrunkResourcesToBinaryRelease UP-TO-DATE
> Task :app:optimizeReleaseResources UP-TO-DATE
> Task :app:compileReleaseArtProfile
> Task :app:packageRelease
> Task :app:assembleRelease
> Task :app:createReleaseApkListingFileRedirect UP-TO-DATE

BUILD SUCCESSFUL in 4m 40s
49 actionable tasks: 9 executed, 40 up-to-date
Configuration cache entry reused.
